{
    "request": {
        "method": "POST",
        "route": "payments",
        "condition": "<#= DateTime.Now.Second % 2 == 0 #>"
    },
    "response": {
        "status": "OK",
        "body": {
            "id": "<#= Guid.NewGuid() #>",
            "date_created": "<#= DateTime.Now.ToString() #>",            
            "date_last_updated": "<#= DateTime.Now.ToString() #>",            
            "status": "APPROVED"            
        }
    }
}